// Jest Snapshot v1, https://goo.gl/fbAQLP

exports[`renders correctly 1`] = `
<View
  style={
    Object {
      "alignItems": "center",
      "flex": 1,
      "paddingHorizontal": 5,
      "paddingTop": 5,
    }
  }
>
  <View
    style={
      Object {
        "alignItems": "center",
        "flexDirection": "row",
        "justifyContent": "center",
        "width": "100%",
      }
    }
  >
    <View
      style={
        Object {
          "alignSelf": "center",
          "backgroundColor": "#89E089",
          "borderRadius": 15,
          "paddingHorizontal": 10,
          "width": "75%",
        }
      }
    >
      <TextInput
        allowFontScaling={true}
        onChangeText={[Function]}
        placeholder="Search"
        rejectResponderTermination={true}
        testId="HomeScreenSearchBar"
        underlineColorAndroid="transparent"
        value=""
      />
    </View>
    <View
      accessible={true}
      focusable={true}
      onClick={[Function]}
      onResponderGrant={[Function]}
      onResponderMove={[Function]}
      onResponderRelease={[Function]}
      onResponderTerminate={[Function]}
      onResponderTerminationRequest={[Function]}
      onStartShouldSetResponder={[Function]}
      style={
        Object {
          "borderRadius": 15,
          "marginLeft": "2%",
          "opacity": 1,
          "padding": 2,
          "width": "20%",
        }
      }
    >
      <Text
        style={
          Object {
            "color": "#fff",
            "fontSize": 22,
            "textAlign": "center",
          }
        }
      >
        Search
      </Text>
    </View>
  </View>
  <View
    accessible={true}
    focusable={true}
    onClick={[Function]}
    onResponderGrant={[Function]}
    onResponderMove={[Function]}
    onResponderRelease={[Function]}
    onResponderTerminate={[Function]}
    onResponderTerminationRequest={[Function]}
    onStartShouldSetResponder={[Function]}
    style={
      Object {
        "alignSelf": "center",
        "borderRadius": 15,
        "justifyContent": "center",
        "marginTop": 7,
        "opacity": 1,
        "width": "85%",
      }
    }
  >
    <Text
      style={
        Object {
          "color": "#fff",
          "fontSize": 22,
          "textAlign": "center",
        }
      }
    >
      Random asteroi
    </Text>
  </View>
  <RCTScrollView
    data={Array []}
    disableVirtualization={false}
    getItem={[Function]}
    getItemCount={[Function]}
    horizontal={false}
    initialNumToRender={10}
    keyExtractor={[Function]}
    maxToRenderPerBatch={10}
    onContentSizeChange={[Function]}
    onEndReachedThreshold={2}
    onLayout={[Function]}
    onMomentumScrollEnd={[Function]}
    onScroll={[Function]}
    onScrollBeginDrag={[Function]}
    onScrollEndDrag={[Function]}
    removeClippedSubviews={false}
    renderItem={[Function]}
    scrollEventThrottle={50}
    stickyHeaderIndices={Array []}
    testId="flatList"
    updateCellsBatchingPeriod={50}
    viewabilityConfigCallbackPairs={Array []}
    windowSize={21}
  >
    <View />
  </RCTScrollView>
</View>
`;
